<html>
<body>
<pre>
<h1>µVision Build Log</h1>
<h2>Tool Versions:</h2>
IDE-Version: ¦ÌVision V5.41.0.0
Copyright (C) 2024 ARM Ltd and ARM Germany GmbH. All rights reserved.
License Information: 1 admin
1
User-based license: Keil MDK Community (non-commercial free of charge)
Valid until: Jun 1 2033. Cached until: May 11 2025
 
Tool Versions:
Toolchain:       Keil MDK Community (non-commercial free of charge  Version: 5.41.0.0
Toolchain Path:  D:\1.Program\Keil\ARM\ARMCLANG\Bin
C Compiler:      ArmClang.exe V6.22
Assembler:       Armasm.exe V6.22
Linker/Locator:  ArmLink.exe V6.22
Library Manager: ArmAr.exe V6.22
Hex Converter:   FromElf.exe V6.22
CPU DLL:         SARMCM3.DLL V5.41.0.0
Dialog DLL:      DCM.DLL V1.17.5.0
Target DLL:      STLink\ST-LINKIII-KEIL_SWO.dll V3.3.0.0
Dialog DLL:      TCM.DLL V1.56.4.0
 
<h2>Project:</h2>
E:\2.Git\github\stm32h7r7_study\2.software\mdk\MDK-ARM\Boot\bootloader_Boot.uvprojx
Project File Date:  05/05/2025

<h2>Output:</h2>
*** Using Compiler 'V6.22', folder: 'D:\1.Program\Keil\ARM\ARMCLANG\Bin'
Build Project 'bootloader_Boot' - Target 'bootloader_Boot'
compiling main.c...
linking...
Program Size: Code=24082 RO-data=1122 RW-data=12 ZI-data=2248  
FromELF: creating hex file...
"bootloader_Boot\bootloader_Boot.axf" - 0 Error(s), 0 Warning(s).

<h2>Software Packages used:</h2>

Package Vendor: ARM
                https://www.keil.com/pack/ARM.CMSIS.6.1.0.pack
                ARM::CMSIS@6.1.0
                CMSIS (Common Microcontroller Software Interface Standard)
   * Component: CORE Version: 6.1.0

Package Vendor: Keil
                https://www.keil.com/pack/Keil.STM32H7RSxx_DFP.1.0.1.pack
                Keil::STM32H7RSxx_DFP@1.0.1
                STMicroelectronics STM32H7RSxx Series Device Support

<h2>Collection of Component include folders:</h2>
  ./RTE/_bootloader_Boot
  D:/1.Program/Keil/ARM/CMSIS/6.1.0/CMSIS/Core/Include

<h2>Collection of Component Files used:</h2>

   * Component: ARM::CMSIS:CORE@6.1.0
      Include file:  CMSIS/Core/Include/tz_context.h
Build Time Elapsed:  00:00:01
</pre>
</body>
</html>
